14:57:58 **** Incremental Build of configuration Debug for project Ex1_RED_YELLOW_BLINKY ****
make -j12 all 
arm-none-eabi-gcc "../Core/Src/main.c" -mcpu=cortex-m3 -std=gnu11 -g3 -DDEBUG -DUSE_HAL_DRIVER -DSTM32F103x6 -c -I../Core/Inc -I../Drivers/STM32F1xx_HAL_Driver/Inc -I../Drivers/STM32F1xx_HAL_Driver/Inc/Legacy -I../Drivers/CMSIS/Device/ST/STM32F1xx/Include -I../Drivers/CMSIS/Include -O0 -ffunction-sections -fdata-sections -Wall -fstack-usage -MMD -MP -MF"Core/Src/main.d" -MT"Core/Src/main.o" --specs=nano.specs -mfloat-abi=soft -mthumb -o "Core/Src/main.o"
arm-none-eabi-gcc -o "Ex1_RED_YELLOW_BLINKY.elf" @"objects.list"   -mcpu=cortex-m3 -T"D:\HCMUT\NAM 4\VI XU LY (LAB)\WORKSPACE\Ex1_RED_YELLOW_BLINKY\STM32F103C6UX_FLASH.ld" --specs=nosys.specs -Wl,-Map="Ex1_RED_YELLOW_BLINKY.map" -Wl,--gc-sections -static --specs=nano.specs -mfloat-abi=soft -mthumb -Wl,--start-group -lc -lm -Wl,--end-group
Finished building target: Ex1_RED_YELLOW_BLINKY.elf
 
arm-none-eabi-size   Ex1_RED_YELLOW_BLINKY.elf 
arm-none-eabi-objdump -h -S  Ex1_RED_YELLOW_BLINKY.elf  > "Ex1_RED_YELLOW_BLINKY.list"
arm-none-eabi-objcopy  -O ihex  Ex1_RED_YELLOW_BLINKY.elf  "Ex1_RED_YELLOW_BLINKY.hex"
   text	   data	    bss	    dec	    hex	filename
   4624	     20	   1572	   6216	   1848	Ex1_RED_YELLOW_BLINKY.elf
arm-none-eabi-objcopy  -O binary  Ex1_RED_YELLOW_BLINKY.elf  "Ex1_RED_YELLOW_BLINKY.bin"
Finished building: default.size.stdout
 
Finished building: Ex1_RED_YELLOW_BLINKY.hex
Finished building: Ex1_RED_YELLOW_BLINKY.list
Finished building: Ex1_RED_YELLOW_BLINKY.bin
 
 
 

14:57:59 Build Finished. 0 errors, 0 warnings. (took 735ms)

